// Vitest Snapshot v1, https://vitest.dev/guide/snapshot.html

exports[`Base Test > square 1`] = `2`;
